// Jest Snapshot v1, https://goo.gl/fbAQLP

exports[`Header should render successfully 1`] = `
.c8 {
  font-family: 'Roboto mono',monospace;
  font-weight: 400;
  color: #FBFBFB;
  font-size: 0.9rem;
  line-height: normal;
  white-space: pre-line;
}

.c8 ul,
.c8 ol {
  margin-left: 40px;
  margin-bottom: 10px;
}

.c8 ul {
  list-style: outside disc;
}

.c8 ol {
  list-style: decimal;
}

.c8 li {
  padding-left: 10px;
}

.c5 {
  position: relative;
  position: relative;
}

.c5::after {
  content: '';
  position: absolute;
  width: 100%;
  height: 2px;
  bottom: 0;
  left: 0;
  background-color: #FBFBFB;
}

.c5::after {
  transform: scaleX(0);
  transform-origin: bottom right;
  transition: transform 0.25s ease-out;
}

.c5:hover::after {
  transform: scaleX(1);
  transform-origin: bottom left;
}

.c5:hover,
.c5:active,
.c5:focus {
  text-decoration: none;
}

.c0 {
  background-color: #FBFBFB;
  color: #000000;
  height: 130px;
  max-width: 1440px;
  width: 100%;
  padding: 0 30px;
  margin: 0 auto;
  display: flex;
  justify-items: center;
  align-items: end;
}

.c6 {
  display: flex;
}

.c6:hover,
.c6:focus {
  text-decoration: none;
}

.c10 {
  display: flex;
}

.c10:hover,
.c10:focus {
  text-decoration: none;
}

.c3 {
  display: flex;
  align-items: end;
  flex-grow: 1;
  justify-content: space-around;
  height: 100%;
}

.c4 {
  width: 59px;
  display: flex;
  justify-content: center;
  height: 100%;
  padding-bottom: 25px;
}

.c4 .c7 {
  font-family: 'Roboto mono',monospace;
  font-weight: 500;
  color: #FBFBFB;
  font-size: 0.55rem;
  line-height: normal;
  color: #000000;
  writing-mode: tb-rl;
  transform: rotate(-180deg);
}

.c4:hover {
  background-color: #000000;
  cursor: pointer;
}

.c4:hover .c7 {
  color: #FBFBFB;
}

.c9 {
  width: 59px;
  display: flex;
  justify-content: center;
  height: 100%;
  padding-bottom: 25px;
  background-color: #000000;
}

.c9 .c7 {
  font-family: 'Roboto mono',monospace;
  font-weight: 500;
  color: #FBFBFB;
  font-size: 0.55rem;
  line-height: normal;
  color: #000000;
  writing-mode: tb-rl;
  transform: rotate(-180deg);
  color: #FBFBFB;
}

.c9:hover {
  background-color: #000000;
  cursor: pointer;
}

.c9:hover .c7 {
  color: #FBFBFB;
}

.c11 {
  width: 59px;
  display: flex;
  justify-content: center;
  height: 100%;
  padding-bottom: 25px;
}

.c11 .c7 {
  font-family: 'Roboto mono',monospace;
  font-weight: 500;
  color: #FBFBFB;
  font-size: 0.55rem;
  line-height: normal;
  color: #000000;
  writing-mode: tb-rl;
  transform: rotate(-180deg);
}

.c11:hover {
  background-color: #000000;
  cursor: pointer;
}

.c11:hover .c7 {
  color: #FBFBFB;
}

.c18 {
  margin-left: 8px;
  position: relative;
}

.c18::after {
  content: '';
  position: absolute;
  width: 100%;
  height: 2px;
  bottom: 0;
  left: 0;
  background-color: #FBFBFB;
}

.c18::after {
  transform: scaleX(0);
  transform-origin: bottom right;
  transition: transform 0.5s ease-out;
}

.c12 {
  outline: none;
  cursor: pointer;
  display: flex;
  align-items: center;
  max-height: 42px;
}

.c12::after {
  content: none;
}

.c12:hover circle.loading {
  stroke: white;
  stroke-width: 6px;
  stroke-dasharray: 110;
  stroke-dashoffset: 82;
  animation: kVEmCK 0.5s steps(4, jump-none) forwards;
  transform: rotate(-90deg);
  transform-origin: center;
}

.c12:hover .c17::after {
  transform: scaleX(1);
  transform-origin: bottom left;
}

.c14 {
  position: relative;
  width: 42px;
  height: 42px;
}

.c15 {
  position: absolute;
  transform: translate(-50%, -50%);
  top: 50%;
  left: 50%;
}

.c16 {
  position: absolute;
  transform: translate(-50%, -50%);
  top: 50%;
  left: 50%;
  display: flex;
}

.c1 {
  display: flex;
}

.c2 {
  color: #000000;
  margin-bottom: 25px;
}

.c13 {
  display: none;
}

@media (min-width: 768px) {
  .c0 {
    align-items: center;
    background-color: transparent;
    color: #FBFBFB;
    height: 115px;
  }
}

@media (min-width: 1440px) {
  .c0 {
    padding: 0;
  }
}

@media (min-width: 768px) {
  .c6 {
    position: relative;
    position: relative;
  }

  .c6::after {
    content: '';
    position: absolute;
    width: 100%;
    height: 2px;
    bottom: 0;
    left: 0;
    background-color: #FBFBFB;
  }

  .c6::after {
    transform: scaleX(0);
    transform-origin: bottom right;
    transition: transform 0.25s ease-out;
  }

  .c6:hover::after {
    transform: scaleX(1);
    transform-origin: bottom left;
  }
}

@media (min-width: 768px) {
  .c10 {
    position: relative;
    position: relative;
  }

  .c10::after {
    content: '';
    position: absolute;
    width: 100%;
    height: 2px;
    bottom: 0;
    left: 0;
    background-color: #FBFBFB;
  }
}

@media (min-width: 768px) {
  .c3 {
    gap: 30px;
    align-items: center;
    justify-content: center;
    height: unset;
  }
}

@media (min-width: 768px) {
  .c4 {
    width: auto;
    padding-bottom: 0;
  }

  .c4 .c7 {
    font-family: 'Roboto mono',monospace;
    font-weight: 400;
    color: #FBFBFB;
    font-size: 0.9rem;
    line-height: normal;
    color: #FBFBFB;
    writing-mode: unset;
    transform: unset;
  }
}

@media (min-width: 768px) {
  .c9 {
    width: auto;
    padding-bottom: 0;
  }

  .c9 .c7 {
    font-family: 'Roboto mono',monospace;
    font-weight: 400;
    color: #FBFBFB;
    font-size: 0.9rem;
    line-height: normal;
    color: #FBFBFB;
    writing-mode: unset;
    transform: unset;
    position: relative;
  }

  .c9 .c7::after {
    content: '';
    position: absolute;
    width: 100%;
    height: 2px;
    bottom: 0;
    left: 0;
    background-color: #FBFBFB;
  }
}

@media (min-width: 768px) {
  .c11 {
    display: none;
    width: auto;
    padding-bottom: 0;
  }

  .c11 .c7 {
    font-family: 'Roboto mono',monospace;
    font-weight: 400;
    color: #FBFBFB;
    font-size: 0.9rem;
    line-height: normal;
    color: #FBFBFB;
    writing-mode: unset;
    transform: unset;
  }
}

@media (min-width: 768px) {
  .c2 {
    color: #FBFBFB;
    margin-bottom: 0;
  }
}

@media (min-width: 768px) {
  .c13 {
    display: flex;
  }
}

<body>
  <div>
    <nav
      aria-label="Main menu"
      class="c0"
    >
      <a
        aria-label="Header Logo"
        class="c1"
        href="/en"
      >
        <svg
          class="c2"
          height="55"
          width="106"
        >
          slLogo.svg
        </svg>
      </a>
      <ul
        class="c3"
      >
        <li
          aria-current="false"
          class="c4"
        >
          <a
            aria-label="Go to Experience page"
            class="c5 c6"
            href="/en/experience"
          >
            <p
              class="c7 c8"
            >
              Experience
            </p>
          </a>
        </li>
        <li
          aria-current="page"
          class="c9"
        >
          <a
            aria-label="Go to Contact page"
            class="c5 c10"
            href="/en/contact"
          >
            <p
              class="c7 c8"
            >
              Contact
            </p>
          </a>
        </li>
        <li
          aria-current="false"
          class="c4"
        >
          <a
            aria-label="Go to Portfolio page"
            class="c5 c6"
            href="/en/portfolio"
          >
            <p
              class="c7 c8"
            >
              CV/Portfolio
            </p>
          </a>
        </li>
        <li
          aria-current="false"
          class="c11"
        >
          <a
            aria-label="Go to Portfolio page"
            class="c5 c6"
            href="/en/portfolio"
          >
            <p
              class="c7 c8"
            >
              Get in touch
            </p>
          </a>
        </li>
      </ul>
      <a
        aria-label="Go to Portfolio page"
        class="c5 c12 c13"
        href="/en/portfolio"
      >
        <div
          class="c14"
        >
          <svg
            class="c15"
            height="42"
            width="42"
          >
            circleButton.svg
          </svg>
          <div
            class="c16"
          >
            <svg>
              arrowRight.svg
            </svg>
          </div>
        </div>
        <p
          class="c7 c17 c8 c18"
        >
          Get in touch
        </p>
      </a>
    </nav>
  </div>
</body>
`;
