// Jest Snapshot v1, https://goo.gl/fbAQLP

exports[`AnimatedItem should render successfully 1`] = `
.c0 {
  --itemSize: 20%;
  position: absolute;
  transform: translateX(-60%);
  width: 100%;
  height: 100%;
  animation: 14.013358467316657s horizontal-movement 4.7038491055429414s linear infinite;
}

.c1 {
  position: absolute;
  width: 100%;
  height: 100%;
  display: grid;
  place-items: center;
  --translateY-begin: -3%;
  --translateY-end: 31%;
  animation: 7.388991085926664s vertical-movement ease-in-out alternate infinite;
}

.c2 {
  z-index: 5;
  height: var(--itemSize);
  aspect-ratio: 1/1;
  position: absolute;
}

.c3 svg {
  width: 100%;
  height: 100%;
}

<body>
  <div>
    <div
      class="c0"
      data-testid="horizontal-movement"
    >
      <div
        class="c1"
        data-testid="vertical-movement"
      >
        <div
          class="c2"
          data-testid="rotation-movement"
        >
          <div
            class="c3"
            data-testid="color-swapping"
          >
            <svg />
          </div>
        </div>
      </div>
    </div>
  </div>
</body>
`;
