// Jest Snapshot v1, https://goo.gl/fbAQLP

exports[`NoSSR should render successfully 1`] = `
<body>
  <div>
    test
  </div>
</body>
`;
