// Jest Snapshot v1, https://goo.gl/fbAQLP

exports[`ContactPage should render successfully 1`] = `
.c3 {
  z-index: 2;
  width: 180%;
  top: 14%;
  left: -41%;
  position: absolute;
  display: flex;
  justify-content: space-between;
  transform: rotate(90deg);
}

.c5 {
  width: 130px;
  height: 249px;
}

.c4 {
  background-color: #000000;
  border-top-right-radius: 42px 50%;
  border-bottom-right-radius: 44px 50%;
  border-top-left-radius: 44px 50%;
  border-bottom-left-radius: 44px 50%;
  margin-bottom: 5px;
  line-height: 0px;
}

.c6 {
  border-top-right-radius: 41px 50%;
  border-bottom-right-radius: 44px 50%;
  border-top-left-radius: 43px 50%;
  border-bottom-left-radius: 45px 50%;
  background-color: #000000;
  margin-bottom: 5px;
  line-height: 0px;
  transform: scaleX(-1);
}

.c7 {
  --height: 212px;
  position: absolute;
  overflow: clip;
  margin: 30px auto;
  height: 212px;
  border-top-left-radius: 30px 50%;
  border-bottom-left-radius: 30px 50%;
  border-top-right-radius: 31px 50%;
  border-bottom-right-radius: 32px 50%;
  top: -12px;
  left: 62px;
  right: 61px;
}

.c0 {
  --transform-origin-first: bottom;
  --transform-origin-last: top;
  --perspective: 100px;
  --rotate3D-first: 1,0,0,-45deg;
  --rotate3D-last: 1,0,0,45deg;
  --height-middle: 60%;
  --width-middle: unset;
  position: relative;
  display: flex;
  flex-direction: column;
  aspect-ratio: 1/2;
  align-items: stretch;
  gap: 15px;
  width: 100%;
  max-width: 300px;
}

.c1 {
  flex-grow: 1;
  z-index: -1;
  border: 1px solid #FFDD83;
  border-top: none;
  transform-origin: var(--transform-origin-first);
  transform: perspective(var(--perspective)) rotate3D(var(--rotate3D-first));
  background-color: #000000;
}

.c2 {
  position: relative;
  border: 1px solid;
  border-image-slice: 1;
  border-image-source: linear-gradient(           to bottom,           #FFDD83,           #98DFD6         );
  height: var(--height-middle);
  width: var(--width-middle);
  background-color: #000000;
}

.c23 {
  z-index: -1;
  flex-grow: 1;
  border: 1px solid #98DFD6;
  border-bottom: none;
  transform-origin: var(--transform-origin-last);
  transform: perspective(var(--perspective)) rotate3D(var(--rotate3D-last));
  background-color: #000000;
}

.c22 {
  position: relative;
  position: relative;
}

.c22::after {
  content: '';
  position: absolute;
  width: 100%;
  height: 2px;
  bottom: 0;
  left: 0;
  background-color: currentColor;
}

.c22::after {
  transform: scaleX(0);
  transform-origin: bottom right;
  transition: transform 0.25s ease-out;
}

.c22:hover::after {
  transform: scaleX(1);
  transform-origin: bottom left;
}

.c22:hover,
.c22:active,
.c22:focus {
  text-decoration: none;
}

.c22:focus-visible {
  outline: #FBFBFB auto 1px;
}

.c17 {
  font-family: fontFamily;
  font-weight: 400;
  color: #FBFBFB;
  font-size: 1.5rem;
  line-height: normal;
  margin: 0;
}

.c19 {
  font-family: fontFamily;
  font-weight: 400;
  color: #FBFBFB;
  font-size: 1rem;
  line-height: normal;
  white-space: pre-line;
}

.c19 ul,
.c19 ol {
  margin-left: 40px;
  margin-bottom: 10px;
}

.c19 ul {
  list-style: outside disc;
}

.c19 ol {
  list-style: decimal;
}

.c19 li {
  padding-left: 10px;
}

.c8 {
  width: 100%;
  height: 100%;
  display: grid;
  place-items: center;
}

.c9 {
  display: grid;
  place-items: center;
  rotate: 270deg;
  opacity: 1;
  transition: opacity 2s ease-in;
  transform-origin: 50% 51.7%;
  margin-bottom: 5px;
  row-gap: 4px;
}

.c18 {
  font-family: fontFamily;
  font-weight: 400;
  color: #FBFBFB;
  font-size: 0.9rem;
  line-height: normal;
}

.c20 {
  display: flex;
  align-items: center;
  font-family: fontFamily;
  font-weight: 500;
  color: #FBFBFB;
  font-size: 0.55rem;
  line-height: normal;
}

.c21 {
  display: grid;
  place-items: center;
  margin-right: 4px;
}

.c21 svg {
  width: 12px;
  height: 12px;
}

.c10 {
  position: relative;
  width: 70px;
  height: 70px;
}

.c11 {
  overflow: hidden;
  border-radius: 50%;
  width: 70px;
  height: 70px;
  position: absolute;
  opacity: 1;
}

.c12 {
  overflow: hidden;
  border-radius: 50%;
  width: 70px;
  height: 70px;
  position: absolute;
  opacity: 0;
  animation: BLSUr 60s 10s infinite;
}

.c13 {
  overflow: hidden;
  border-radius: 50%;
  width: 70px;
  height: 70px;
  position: absolute;
  opacity: 0;
  animation: feYcwF 60s 10s infinite;
}

.c14 {
  overflow: hidden;
  border-radius: 50%;
  width: 70px;
  height: 70px;
  position: absolute;
  opacity: 0;
  animation: gBIqQN 60s 10s infinite;
}

.c15 {
  overflow: hidden;
  border-radius: 50%;
  width: 70px;
  height: 70px;
  position: absolute;
  opacity: 0;
  animation: jCGkWp 60s 10s infinite;
}

.c16 {
  overflow: hidden;
  border-radius: 50%;
  width: 70px;
  height: 70px;
  position: absolute;
  opacity: 0;
  animation: cJztmO 60s 10s infinite;
}

@media (width >= 768px) {
  .c3 {
    width: 152%;
    top: unset;
    left: -26%;
    margin: 18px auto;
    transform: unset;
  }
}

@media (width >= 768px) {
  .c5 {
    width: unset;
    height: unset;
  }
}

@media (width >= 768px) {
  .c4 {
    background-color: #000000;
    border-top-right-radius: 59px 50%;
    border-bottom-right-radius: 61px 50%;
    border-top-left-radius: 62px 50%;
    border-bottom-left-radius: 62px 50%;
  }
}

@media (width >= 768px) {
  .c6 {
    border-top-right-radius: 59px 50%;
    border-bottom-right-radius: 62px 50%;
    border-top-left-radius: 61px 50%;
    border-bottom-left-radius: 63px 50%;
  }
}

@media (width >= 768px) {
  .c7 {
    height: 305px;
    border-top-left-radius: 45px 50%;
    border-bottom-left-radius: 45px 50%;
    border-top-right-radius: 40px 50%;
    border-bottom-right-radius: 40px 50%;
    top: -4px;
    left: 91px;
    right: 91px;
  }
}

@media (width >= 768px) {
  .c0 {
    --transform-origin-first: right;
    --transform-origin-last: left;
    --perspective: 300px;
    --rotate3D-first: 0,1,0,45deg;
    --rotate3D-last: 0,1,0,-45deg;
    --height-middle: unset;
    --width-middle: clamp(0px, 60%, 830px);
    flex-direction: row;
    aspect-ratio: unset;
    height: 395px;
    overflow-x: clip;
    max-width: unset;
  }
}

@media (width >= 1024px) {
  .c0 {
    --perspective: 400px;
  }
}

@media (width >= 1440px) {
  .c0 {
    --perspective: 600px;
  }
}

@media (width >= 768px) {
  .c1 {
    border-top: 1px solid #FFDD83;
    border-left: none;
  }
}

@media (width >= 768px) {
  .c2 {
    border-image-source: linear-gradient(           to right,           #FFDD83,           #98DFD6         );
  }
}

@media (width >= 768px) {
  .c23 {
    border-bottom: 1px solid #98DFD6;
    border-right: none;
  }
}

@media (width >= 768px) {
  .c9 {
    width: 100%;
    height: 100%;
    margin-bottom: 0px;
    position: unset;
    top: unset;
    left: unset;
    rotate: 0deg;
    row-gap: 10px;
  }
}

@media (width >= 768px) {
  .c18 {
    font-family: fontFamily;
    font-weight: 400;
    color: #FBFBFB;
    font-size: 1.5rem;
    line-height: normal;
  }
}

@media (width >= 768px) {
  .c20 {
    font-family: fontFamily;
    font-weight: 400;
    color: #FBFBFB;
    font-size: 0.9rem;
    line-height: normal;
  }
}

@media (width >= 768px) {
  .c21 {
    margin-right: 8px;
  }

  .c21 svg {
    width: 16px;
    height: 16px;
  }
}

@media (width >= 768px) {
  .c10 {
    width: 140px;
    height: 140px;
  }
}

@media (width >= 768px) {
  .c11 {
    width: 140px;
    height: 140px;
  }
}

@media (width >= 768px) {
  .c12 {
    width: 140px;
    height: 140px;
  }
}

@media (width >= 768px) {
  .c13 {
    width: 140px;
    height: 140px;
  }
}

@media (width >= 768px) {
  .c14 {
    width: 140px;
    height: 140px;
  }
}

@media (width >= 768px) {
  .c15 {
    width: 140px;
    height: 140px;
  }
}

@media (width >= 768px) {
  .c16 {
    width: 140px;
    height: 140px;
  }
}

<body>
  <div>
    <div
      class="c0"
    >
      <div
        class="c1"
      />
      <div
        class="c2"
      >
        <div
          class="c3"
          role="presentation"
        >
          <div
            class="c4"
          >
            <svg
              class="c5"
              color="#FFDD83"
            >
              portal.svg
            </svg>
          </div>
          <div
            class="c6"
          >
            <svg
              class="c5"
              color="#98DFD6"
            >
              portal.svg
            </svg>
          </div>
          <div
            class="c7"
          >
            <div
              class="c8"
            >
              <div
                class="c9"
                data-testid="contact-info"
              >
                <div
                  class="c10"
                >
                  <img
                    alt="My profile picture 1"
                    class="c11"
                    data-nimg="1"
                    decoding="async"
                    height="140"
                    loading="lazy"
                    src="/_next/image?url=%2Fassets%2Fportrait-1.png&w=384&q=75"
                    srcset="/_next/image?url=%2Fassets%2Fportrait-1.png&w=256&q=75 1x, /_next/image?url=%2Fassets%2Fportrait-1.png&w=384&q=75 2x"
                    style="color: transparent;"
                    width="140"
                  />
                  <img
                    alt="My profile picture 2"
                    class="c12"
                    data-nimg="1"
                    decoding="async"
                    height="140"
                    loading="lazy"
                    src="/_next/image?url=%2Fassets%2Fportrait-2.png&w=384&q=75"
                    srcset="/_next/image?url=%2Fassets%2Fportrait-2.png&w=256&q=75 1x, /_next/image?url=%2Fassets%2Fportrait-2.png&w=384&q=75 2x"
                    style="color: transparent;"
                    width="140"
                  />
                  <img
                    alt="My profile picture 3"
                    class="c13"
                    data-nimg="1"
                    decoding="async"
                    height="140"
                    loading="lazy"
                    src="/_next/image?url=%2Fassets%2Fportrait-3.png&w=384&q=75"
                    srcset="/_next/image?url=%2Fassets%2Fportrait-3.png&w=256&q=75 1x, /_next/image?url=%2Fassets%2Fportrait-3.png&w=384&q=75 2x"
                    style="color: transparent;"
                    width="140"
                  />
                  <img
                    alt="My profile picture 4"
                    class="c14"
                    data-nimg="1"
                    decoding="async"
                    height="140"
                    loading="lazy"
                    src="/_next/image?url=%2Fassets%2Fportrait-4.png&w=384&q=75"
                    srcset="/_next/image?url=%2Fassets%2Fportrait-4.png&w=256&q=75 1x, /_next/image?url=%2Fassets%2Fportrait-4.png&w=384&q=75 2x"
                    style="color: transparent;"
                    width="140"
                  />
                  <img
                    alt="My profile picture 5"
                    class="c15"
                    data-nimg="1"
                    decoding="async"
                    height="140"
                    loading="lazy"
                    src="/_next/image?url=%2Fassets%2Fportrait-5.png&w=384&q=75"
                    srcset="/_next/image?url=%2Fassets%2Fportrait-5.png&w=256&q=75 1x, /_next/image?url=%2Fassets%2Fportrait-5.png&w=384&q=75 2x"
                    style="color: transparent;"
                    width="140"
                  />
                  <img
                    alt="My profile picture 6"
                    class="c16"
                    data-nimg="1"
                    decoding="async"
                    height="140"
                    loading="lazy"
                    src="/_next/image?url=%2Fassets%2Fportrait-6.png&w=384&q=75"
                    srcset="/_next/image?url=%2Fassets%2Fportrait-6.png&w=256&q=75 1x, /_next/image?url=%2Fassets%2Fportrait-6.png&w=384&q=75 2x"
                    style="color: transparent;"
                    width="140"
                  />
                </div>
                <h3
                  class="c17 c18"
                >
                  Software Engineer
                </h3>
                <p
                  class="c19 c20"
                >
                  <span
                    class="c21"
                  >
                    <svg>
                      linkedIn.svg
                    </svg>
                  </span>
                  <a
                    aria-label="My LinkedIn profile"
                    class="c22 "
                    data-testid="plain-anchor"
                    href="https://www.linkedin.com/in/sauldeleonguerrero"
                    rel="noreferrer"
                    target="_blank"
                  >
                    LinkedIn
                  </a>
                </p>
                <p
                  class="c19 c20"
                >
                  <span
                    class="c21"
                  >
                    <svg>
                      email.svg
                    </svg>
                  </span>
                  <a
                    aria-label="My electronic mail address"
                    class="c22 "
                    data-testid="plain-anchor"
                    href="mailto:sauldeleonguerrero@gmail.com"
                    rel="noreferrer"
                    target="_blank"
                  >
                    sauldeleonguerrero@gmail.com
                  </a>
                </p>
              </div>
            </div>
          </div>
        </div>
      </div>
      <div
        class="c23"
      />
    </div>
  </div>
</body>
`;
