// Jest Snapshot v1, https://goo.gl/fbAQLP

exports[`AnimatedItem should render successfully 1`] = `
.c2 {
  position: absolute;
  width: 100%;
  height: 100%;
  display: grid;
  place-items: center;
  pointer-events: none;
  animation-timing-function: ease-in-out;
  animation-iteration-count: infinite;
  animation-direction: alternate;
  animation-name: TpVAo;
}

.c4 {
  height: var(--itemSize);
  aspect-ratio: 1/1;
  position: absolute;
  pointer-events: none;
}

.c5 {
  pointer-events: all;
  cursor: pointer;
}

.c7 {
  color: #FFDD83;
  animation-name: lhbgW;
  animation-timing-function: linear;
  animation-iteration-count: infinite;
}

.c7 svg {
  width: 100%;
  height: 100%;
}

.c0 {
  --itemSize: 40px;
  list-style: none;
  position: absolute;
  transform: translateX(-60%);
  width: 100%;
  height: 100%;
  pointer-events: none;
  animation-name: gBgZDr;
  animation-timing-function: linear;
  animation-iteration-count: infinite;
}

.c0:hover {
  z-index: 200;
  animation-play-state: paused;
}

.c0:hover .c1,
.c0:hover .c3,
.c0:hover .c6 {
  animation-play-state: paused;
}

@media (width >= 768px) {
  .c0 {
    --itemSize: 55px;
  }
}

<body>
  <div>
    <li
      class="c0"
      data-testid="horizontal-movement"
      style="animation-duration: 14.013358467316657s; animation-delay: 15.815396422171766s;"
    >
      <div
        class="c1 c2"
        data-testid="vertical-movement"
        style="--translateY-begin: -3%; --translateY-end: 31%; animation-duration: 7.388991085926664s;"
      >
        <div
          class="c3 c4"
          data-testid="rotation-movement"
        >
          <a
            aria-label="Google Chrome"
            class="c5"
            href="https://google.com"
            rel="noreferrer"
            target="_blank"
          >
            <div
              class="c6 c7"
              data-testid="color-swapping"
              style="animation-duration: 14.013358467316657s; animation-delay: 15.815396422171766s;"
            >
              <svg />
            </div>
          </a>
        </div>
      </div>
    </li>
  </div>
</body>
`;
