// Jest Snapshot v1, https://goo.gl/fbAQLP

exports[`Particles should render successfully 1`] = `
.c0 {
  position: absolute;
  width: 100%;
  height: 100%;
  transform: translateX(-60%);
  display: grid;
  place-items: center;
  --particleSize: 8px;
  --begin-y: 29%;
  --end-y: -12%;
  animation: 4289ms gJWpix 8505ms infinite linear;
}

.c1 {
  width: var(--particleSize);
  height: var(--particleSize);
  border-radius: 50%;
  mix-blend-mode: screen;
  background-image: radial-gradient(     hsl(180, 100%, 80%),     hsl(180, 100%, 80%) 10%,     hsla(180, 100%, 80%, 0) 56%   );
  animation: ggsnFx 515ms infinite,fzajMi 1294ms infinite;
  animation-delay: 30ms;
}

<body>
  <div>
    <div
      class="c0"
    >
      <div
        class="c1"
      />
    </div>
  </div>
</body>
`;
