// Jest Snapshot v1, https://goo.gl/fbAQLP

exports[`HomePage should render successfully 1`] = `
.c17 {
  font-family: 'Roboto mono',monospace;
  font-weight: 400;
  color: #FFFFFF;
  font-size: 3rem;
  line-height: normal;
  margin: 0;
}

.c22 {
  font-family: 'Roboto mono',monospace;
  font-weight: 400;
  color: #FFFFFF;
  font-size: 1.5rem;
  line-height: normal;
  margin: 0;
}

.c8 {
  font-family: 'Roboto mono',monospace;
  font-weight: 400;
  color: #FFFFFF;
  font-size: 0.9rem;
  line-height: normal;
  white-space: pre-line;
}

.c8 ul,
.c8 ol {
  margin-left: 40px;
  margin-bottom: 10px;
}

.c8 ul {
  list-style: outside disc;
}

.c8 ol {
  list-style: decimal;
}

.c8 li {
  padding-left: 10px;
}

.c21 {
  font-family: 'Roboto mono',monospace;
  font-weight: 500;
  color: #FFFFFF;
  font-size: 0.5rem;
  line-height: normal;
  text-transform: uppercase;
}

.c19 {
  outline: none;
  cursor: pointer;
  display: flex;
  align-items: center;
  max-height: 76px;
}

.c19:hover circle.loading {
  stroke: white;
  stroke-width: 6px;
  stroke-dasharray: 110;
  stroke-dashoffset: 82;
  animation: clock-loading 0.5s steps(4, jump-none) forwards;
  transform: rotate(-90deg);
  transform-origin: center;
}

.c10 {
  outline: none;
  cursor: pointer;
  display: flex;
  align-items: center;
  max-height: 42px;
}

.c10:hover circle.loading {
  stroke: white;
  stroke-width: 6px;
  stroke-dasharray: 110;
  stroke-dashoffset: 82;
  animation: clock-loading 0.5s steps(4, jump-none) forwards;
  transform: rotate(-90deg);
  transform-origin: center;
}

.c20 {
  position: relative;
  width: 76px;
  height: 76px;
}

.c12 {
  position: relative;
  width: 42px;
  height: 42px;
}

.c13 {
  position: absolute;
  transform: translate(-50%, -50%);
  top: 50%;
  left: 50%;
}

.c14 {
  position: absolute;
  transform: translate(-50%, -50%);
  top: 50%;
  left: 50%;
  display: flex;
}

.c15 {
  margin-left: 8px;
}

.c1 {
  background-color: #FFFFFF;
  color: #000000;
  height: 130px;
  max-width: 1440px;
  width: 100%;
  padding: 0 15px;
  margin: 0 auto;
  display: flex;
  justify-items: center;
  align-items: end;
}

.c2 {
  display: flex;
}

.c6 {
  display: flex;
}

.c3 {
  color: #000000;
  margin-bottom: 25px;
}

.c4 {
  display: flex;
  align-items: end;
  flex-grow: 1;
  justify-content: center;
  height: 100%;
}

.c5 {
  width: 59px;
  display: flex;
  justify-content: center;
  height: 100%;
  padding-bottom: 25px;
}

.c5 .c7 {
  font-family: 'Roboto mono',monospace;
  font-weight: 500;
  color: #FFFFFF;
  font-size: 0.55rem;
  line-height: normal;
  color: #000000;
  writing-mode: tb-rl;
  transform: rotate(-180deg);
}

.c5:hover {
  background-color: #000000;
  cursor: pointer;
}

.c5:hover .c7 {
  color: #FFFFFF;
}

.c9 {
  width: 59px;
  display: flex;
  justify-content: center;
  height: 100%;
  padding-bottom: 25px;
}

.c9 .c7 {
  font-family: 'Roboto mono',monospace;
  font-weight: 500;
  color: #FFFFFF;
  font-size: 0.55rem;
  line-height: normal;
  color: #000000;
  writing-mode: tb-rl;
  transform: rotate(-180deg);
}

.c9:hover {
  background-color: #000000;
  cursor: pointer;
}

.c9:hover .c7 {
  color: #FFFFFF;
}

.c11 {
  display: none;
}

.c0 {
  width: 100%;
  display: flex;
  flex-direction: column;
}

.c16 {
  display: flex;
  min-height: calc(100vh - 115px);
  align-items: center;
  justify-content: center;
  flex-direction: column;
}

.c18 {
  margin-bottom: 50px;
}

@media (min-width: 768px) {
  .c1 {
    align-items: center;
    background-color: transparent;
    color: #FFFFFF;
    height: 115px;
  }
}

@media (min-width: 1024px) {
  .c1 {
    padding: 0 30;
  }
}

@media (min-width: 1440px) {
  .c1 {
    padding: 0;
  }
}

@media (min-width: 768px) {
  .c6 {
    display: unset;
  }
}

@media (min-width: 768px) {
  .c3 {
    color: #FFFFFF;
    margin-bottom: 0;
  }
}

@media (min-width: 768px) {
  .c4 {
    gap: 30px;
    align-items: center;
    height: unset;
  }
}

@media (min-width: 768px) {
  .c5 {
    width: auto;
    padding-bottom: 0;
  }

  .c5 .c7 {
    font-family: 'Roboto mono',monospace;
    font-weight: 400;
    color: #FFFFFF;
    font-size: 0.9rem;
    line-height: normal;
    color: #FFFFFF;
    writing-mode: unset;
    transform: unset;
  }
}

@media (min-width: 768px) {
  .c9 {
    display: none;
    width: auto;
    padding-bottom: 0;
  }

  .c9 .c7 {
    font-family: 'Roboto mono',monospace;
    font-weight: 400;
    color: #FFFFFF;
    font-size: 0.9rem;
    line-height: normal;
    color: #FFFFFF;
    writing-mode: unset;
    transform: unset;
  }
}

@media (min-width: 768px) {
  .c11 {
    display: flex;
  }
}

<body>
  <div>
    <div
      class="c0"
    >
      <nav
        class="c1"
      >
        <a
          class="c2"
          href="/"
        >
          <svg
            class="c3"
            height="55"
          >
            slLogo.svg
          </svg>
        </a>
        <ul
          class="c4"
        >
          <li
            class="c5"
          >
            <a
              class="c6"
              href="/experience"
            >
              <p
                class="c7 c8"
              >
                Experience
              </p>
            </a>
          </li>
          <li
            class="c5"
          >
            <a
              class="c6"
              href="/contact"
            >
              <p
                class="c7 c8"
              >
                Contact
              </p>
            </a>
          </li>
          <li
            class="c5"
          >
            <a
              class="c6"
              href="/portfolio"
            >
              <p
                class="c7 c8"
              >
                CV/Portfolio
              </p>
            </a>
          </li>
          <li
            class="c9"
          >
            <a
              class="c6"
              href="/contact"
            >
              <p
                class="c7 c8"
              >
                Get in touch
              </p>
            </a>
          </li>
        </ul>
        <a
          class="c10 c11"
          href="/contact"
        >
          <div
            class="c12"
          >
            <svg
              class="c13"
              height="42"
              width="42"
            >
              circleButton.svg
            </svg>
            <div
              class="c14"
            >
              <svg>
                arrowRight.svg
              </svg>
            </div>
          </div>
          <p
            class="c7 c8 c15"
          >
            Get in touch
          </p>
        </a>
      </nav>
      <div
        class="c16"
      >
        <h1
          class="c17 c18"
        >
          Saúl de León Guerrero
        </h1>
        <a
          class="c19"
          href="/"
        >
          <div
            class="c20"
          >
            <svg
              class="c13"
              height="76"
              width="76"
            >
              circleButton.svg
            </svg>
            <div
              class="c14"
            >
              <div
                class="c21"
              >
                Explore
              </div>
            </div>
          </div>
        </a>
        <h2
          class="c22 c18"
        >
          Under construction
        </h2>
        <svg>
          slLogo.svg
        </svg>
      </div>
    </div>
  </div>
</body>
`;
