// Jest Snapshot v1, https://goo.gl/fbAQLP

exports[`ToothLessPortrait should render 1`] = `
.c9 {
  position: relative;
  z-index: -1;
  height: 70px;
  width: 70px;
  overflow: hidden;
}

.c10 {
  overflow: hidden;
  border-radius: 50%;
  width: 70px;
  height: 70px;
}

.c1 {
  position: absolute;
  animation: 2s bOWqww 1s linear infinite;
  top: 50px;
  left: 49.1%;
  transform: rotate(180deg);
}

.c0 {
  position: absolute;
  width: 100%;
  height: 100%;
  top: -200%;
  left: -6px;
  animation-name: kAWDoo;
  animation-duration: 5s;
  animation-delay: 5s;
  animation-iteration-count: 1;
}

.c2 {
  position: absolute;
  width: 100%;
  height: 100%;
  top: -200%;
  left: -6px;
  animation-name: kAWDoo;
  animation-duration: 5s;
  animation-delay: 10s;
  animation-iteration-count: 1;
}

.c3 {
  position: absolute;
  width: 100%;
  height: 100%;
  top: -200%;
  left: -6px;
  animation-name: kAWDoo;
  animation-duration: 5s;
  animation-delay: 20s;
  animation-iteration-count: 1;
}

.c4 {
  position: absolute;
  width: 100%;
  height: 100%;
  top: -200%;
  left: -6px;
  animation-name: kAWDoo;
  animation-duration: 5s;
  animation-delay: 30s;
  animation-iteration-count: 1;
}

.c5 {
  position: absolute;
  width: 100%;
  height: 100%;
  top: -200%;
  left: -6px;
  animation-name: kAWDoo;
  animation-duration: 5s;
  animation-delay: 50s;
  animation-iteration-count: 1;
}

.c6 {
  position: absolute;
  width: 100%;
  height: 100%;
  top: -200%;
  left: -6px;
  animation-name: kAWDoo;
  animation-duration: 5s;
  animation-delay: 70s;
  animation-iteration-count: 1;
}

.c7 {
  position: absolute;
  width: 100%;
  height: 100%;
  top: -200%;
  left: -6px;
  animation-name: kAWDoo;
  animation-duration: 5s;
  animation-delay: 110s;
  animation-iteration-count: 1;
}

.c8 {
  position: absolute;
  width: 100%;
  height: 100%;
  top: -200%;
  left: -6px;
  animation-name: kAWDoo;
  animation-duration: 5s;
  animation-delay: 150s;
  animation-iteration-count: 1;
}

.c11 {
  position: absolute;
  background-image: none;
  background-size: contain;
  top: 0;
  left: 0;
  width: 100%;
  height: 100%;
  border-radius: 50%;
  animation: 150s dXIgQ linear forwards;
}

@media (width >= 768px) {
  .c9 {
    height: 140px;
    width: 140px;
  }
}

@media (width >= 768px) {
  .c10 {
    width: 140px;
    height: 140px;
  }
}

@media (width >= 768px) {
  .c0 {
    --p1h: 0;
    --p1v: 0;
    --p2h: -558;
    --p2v: 220;
    --cp1h: 0;
    --cp1v: 250;
    --cp2h: -280;
    --cp2v: 200;
    --final-tooth-top: 13%;
    top: 0;
    left: -70%;
    animation-name: ifoKcn,bfulbY;
    animation-timing-function: cubic-bezier(           calc(1 / 3),           calc((var(--cp1h) - var(--p1h)) / (var(--p2h) - var(--p1h))),           calc(2 / 3),           calc((var(--cp2h) - var(--p1h)) / (var(--p2h) - var(--p1h)))         ),cubic-bezier(           calc(1 / 3),           calc((var(--cp1v) - var(--p1v)) / (var(--p2v) - var(--p1v))),           calc(2 / 3),           calc((var(--cp2v) - var(--p1v)) / (var(--p2v) - var(--p1v)))         );
  }
}

@media (width >= 768px) {
  .c2 {
    --p1h: 0;
    --p1v: 0;
    --p2h: -558;
    --p2v: 220;
    --cp1h: 0;
    --cp1v: 250;
    --cp2h: -280;
    --cp2v: 200;
    --final-tooth-top: 43%;
    top: 0;
    left: -70%;
    animation-name: ifoKcn,bfulbY;
    animation-timing-function: cubic-bezier(           calc(1 / 3),           calc((var(--cp1h) - var(--p1h)) / (var(--p2h) - var(--p1h))),           calc(2 / 3),           calc((var(--cp2h) - var(--p1h)) / (var(--p2h) - var(--p1h)))         ),cubic-bezier(           calc(1 / 3),           calc((var(--cp1v) - var(--p1v)) / (var(--p2v) - var(--p1v))),           calc(2 / 3),           calc((var(--cp2v) - var(--p1v)) / (var(--p2v) - var(--p1v)))         );
  }
}

@media (width >= 768px) {
  .c3 {
    --p1h: 0;
    --p1v: 0;
    --p2h: -558;
    --p2v: 220;
    --cp1h: 0;
    --cp1v: 250;
    --cp2h: -280;
    --cp2v: 200;
    --final-tooth-top: 12%;
    top: 0;
    left: -70%;
    animation-name: ifoKcn,bfulbY;
    animation-timing-function: cubic-bezier(           calc(1 / 3),           calc((var(--cp1h) - var(--p1h)) / (var(--p2h) - var(--p1h))),           calc(2 / 3),           calc((var(--cp2h) - var(--p1h)) / (var(--p2h) - var(--p1h)))         ),cubic-bezier(           calc(1 / 3),           calc((var(--cp1v) - var(--p1v)) / (var(--p2v) - var(--p1v))),           calc(2 / 3),           calc((var(--cp2v) - var(--p1v)) / (var(--p2v) - var(--p1v)))         );
  }
}

@media (width >= 768px) {
  .c4 {
    --p1h: 0;
    --p1v: 0;
    --p2h: -558;
    --p2v: 220;
    --cp1h: 0;
    --cp1v: 250;
    --cp2h: -280;
    --cp2v: 200;
    --final-tooth-top: 26%;
    top: 0;
    left: -70%;
    animation-name: ifoKcn,bfulbY;
    animation-timing-function: cubic-bezier(           calc(1 / 3),           calc((var(--cp1h) - var(--p1h)) / (var(--p2h) - var(--p1h))),           calc(2 / 3),           calc((var(--cp2h) - var(--p1h)) / (var(--p2h) - var(--p1h)))         ),cubic-bezier(           calc(1 / 3),           calc((var(--cp1v) - var(--p1v)) / (var(--p2v) - var(--p1v))),           calc(2 / 3),           calc((var(--cp2v) - var(--p1v)) / (var(--p2v) - var(--p1v)))         );
  }
}

@media (width >= 768px) {
  .c5 {
    --p1h: 0;
    --p1v: 0;
    --p2h: -558;
    --p2v: 220;
    --cp1h: 0;
    --cp1v: 250;
    --cp2h: -280;
    --cp2v: 200;
    --final-tooth-top: 71%;
    top: 0;
    left: -70%;
    animation-name: ifoKcn,bfulbY;
    animation-timing-function: cubic-bezier(           calc(1 / 3),           calc((var(--cp1h) - var(--p1h)) / (var(--p2h) - var(--p1h))),           calc(2 / 3),           calc((var(--cp2h) - var(--p1h)) / (var(--p2h) - var(--p1h)))         ),cubic-bezier(           calc(1 / 3),           calc((var(--cp1v) - var(--p1v)) / (var(--p2v) - var(--p1v))),           calc(2 / 3),           calc((var(--cp2v) - var(--p1v)) / (var(--p2v) - var(--p1v)))         );
  }
}

@media (width >= 768px) {
  .c6 {
    --p1h: 0;
    --p1v: 0;
    --p2h: -558;
    --p2v: 220;
    --cp1h: 0;
    --cp1v: 250;
    --cp2h: -280;
    --cp2v: 200;
    --final-tooth-top: 63%;
    top: 0;
    left: -70%;
    animation-name: ifoKcn,bfulbY;
    animation-timing-function: cubic-bezier(           calc(1 / 3),           calc((var(--cp1h) - var(--p1h)) / (var(--p2h) - var(--p1h))),           calc(2 / 3),           calc((var(--cp2h) - var(--p1h)) / (var(--p2h) - var(--p1h)))         ),cubic-bezier(           calc(1 / 3),           calc((var(--cp1v) - var(--p1v)) / (var(--p2v) - var(--p1v))),           calc(2 / 3),           calc((var(--cp2v) - var(--p1v)) / (var(--p2v) - var(--p1v)))         );
  }
}

@media (width >= 768px) {
  .c7 {
    --p1h: 0;
    --p1v: 0;
    --p2h: -558;
    --p2v: 220;
    --cp1h: 0;
    --cp1v: 250;
    --cp2h: -280;
    --cp2v: 200;
    --final-tooth-top: 45%;
    top: 0;
    left: -70%;
    animation-name: ifoKcn,bfulbY;
    animation-timing-function: cubic-bezier(           calc(1 / 3),           calc((var(--cp1h) - var(--p1h)) / (var(--p2h) - var(--p1h))),           calc(2 / 3),           calc((var(--cp2h) - var(--p1h)) / (var(--p2h) - var(--p1h)))         ),cubic-bezier(           calc(1 / 3),           calc((var(--cp1v) - var(--p1v)) / (var(--p2v) - var(--p1v))),           calc(2 / 3),           calc((var(--cp2v) - var(--p1v)) / (var(--p2v) - var(--p1v)))         );
  }
}

@media (width >= 768px) {
  .c8 {
    --p1h: 0;
    --p1v: 0;
    --p2h: -558;
    --p2v: 220;
    --cp1h: 0;
    --cp1v: 250;
    --cp2h: -280;
    --cp2v: 200;
    --final-tooth-top: 31%;
    top: 0;
    left: -70%;
    animation-name: ifoKcn,bfulbY;
    animation-timing-function: cubic-bezier(           calc(1 / 3),           calc((var(--cp1h) - var(--p1h)) / (var(--p2h) - var(--p1h))),           calc(2 / 3),           calc((var(--cp2h) - var(--p1h)) / (var(--p2h) - var(--p1h)))         ),cubic-bezier(           calc(1 / 3),           calc((var(--cp1v) - var(--p1v)) / (var(--p2v) - var(--p1v))),           calc(2 / 3),           calc((var(--cp2v) - var(--p1v)) / (var(--p2v) - var(--p1v)))         );
  }
}

<body>
  <div>
    <div>
      <div
        class="c0"
      >
        <div
          class="c1"
        >
          <svg
            height="10"
            width="10"
          >
            tooth.svg
          </svg>
        </div>
      </div>
      <div
        class="c2"
      >
        <div
          class="c1"
        >
          <svg
            height="10"
            width="10"
          >
            tooth.svg
          </svg>
        </div>
      </div>
      <div
        class="c3"
      >
        <div
          class="c1"
        >
          <svg
            height="10"
            width="10"
          >
            tooth.svg
          </svg>
        </div>
      </div>
      <div
        class="c4"
      >
        <div
          class="c1"
        >
          <svg
            height="10"
            width="10"
          >
            tooth.svg
          </svg>
        </div>
      </div>
      <div
        class="c5"
      >
        <div
          class="c1"
        >
          <svg
            height="10"
            width="10"
          >
            tooth.svg
          </svg>
        </div>
      </div>
      <div
        class="c6"
      >
        <div
          class="c1"
        >
          <svg
            height="10"
            width="10"
          >
            tooth.svg
          </svg>
        </div>
      </div>
      <div
        class="c7"
      >
        <div
          class="c1"
        >
          <svg
            height="10"
            width="10"
          >
            tooth.svg
          </svg>
        </div>
      </div>
      <div
        class="c8"
      >
        <div
          class="c1"
        >
          <svg
            height="10"
            width="10"
          >
            tooth.svg
          </svg>
        </div>
      </div>
      <div
        class="c9"
      >
        <img
          alt="My toothless profile picture"
          class="c10"
          data-nimg="1"
          decoding="async"
          height="140"
          loading="lazy"
          src="/_next/image?url=%2Fassets%2Fportrait.jpg&w=384&q=75"
          srcset="/_next/image?url=%2Fassets%2Fportrait.jpg&w=256&q=75 1x, /_next/image?url=%2Fassets%2Fportrait.jpg&w=384&q=75 2x"
          style="color: transparent;"
          width="140"
        />
        <div
          class="c11"
        />
      </div>
    </div>
  </div>
</body>
`;
