// Jest Snapshot v1, https://goo.gl/fbAQLP

exports[`OtherStuff should render successfully 1`] = `
.c4 {
  position: relative;
  position: relative;
}

.c4::after {
  content: '';
  position: absolute;
  width: 100%;
  height: 2px;
  bottom: 0;
  left: 0;
  background-color: currentColor;
}

.c4::after {
  transform: scaleX(0);
  transform-origin: bottom right;
  transition: transform 0.25s ease-out;
}

.c4:hover::after {
  transform: scaleX(1);
  transform-origin: bottom left;
}

.c4:hover,
.c4:active,
.c4:focus {
  text-decoration: none;
}

.c4:focus-visible {
  outline: #FBFBFB auto 1px;
}

.c0 {
  font-family: fontFamily;
  font-weight: 500;
  color: #FBFBFB;
  font-size: 1rem;
  line-height: normal;
  text-transform: uppercase;
}

.c1 {
  font-size: 20px;
  margin-bottom: 20px;
  font-family: fontFamily;
  font-weight: 400;
}

.c2 {
  margin-bottom: 50px;
}

.c3 {
  font-size: 16px;
  text-indent: -20px;
  padding-left: 20px;
}

.c3:before {
  content: '·';
  font-size: 30px;
  vertical-align: middle;
  line-height: 20px;
}

.c6 {
  font-family: fontFamily;
  font-weight: 400;
  color: #FBFBFB;
  font-size: 0.9rem;
  line-height: normal;
}

.c5 {
  font-weight: bold;
}

<body>
  <div>
    <div>
      <div
        class="c0 c1"
      >
        Bachelor thesis
         
      </div>
      <ul
        class="c2"
      >
        <li
          class="c3"
        >
          Development of a support tool for students related to Data Structures for the verification and derivation of iterative algorithms using semantic tableaux with a graphical interface in Java.
        </li>
        <li
          class="c3"
        >
          This work resulted in two 
          <a
            class="c4 c5"
            data-testid="plain-anchor"
            href="https://rd.springer.com/chapter/10.1007/978-3-642-21350-2_29#page-1"
            rel="noreferrer"
            target="_blank"
          >
            papers
          </a>
          .
        </li>
      </ul>
    </div>
    <div>
      <div
        class="c0 c1"
      >
        Collaborative activities with the 
        <i
          class="c6"
        >
          Departamento de Sistemas Informáticos y Computación
        </i>
         (DSIC) at the Facultad de Informática at the Universidad Complutense of Madrid.
         
        2011 - 2012
      </div>
      <ul
        class="c2"
      >
        <li
          class="c3"
        >
          Maintenance of the Virtual Area by updating the database with information related to classes and publications.
        </li>
        <li
          class="c3"
        >
          Development of an application for counting students attending classes for obtaining statistics.
        </li>
      </ul>
    </div>
    <div>
      <div
        class="c0 c1"
      >
        This Portfolio.
         
        2022 - Until I throw it out the window
      </div>
      <ul
        class="c2"
      >
        <li
          class="c3"
        >
          Check the 'About' link in the footer of this website.
        </li>
      </ul>
    </div>
    <div>
      <div
        class="c0 c1"
      >
        MATHS Academy Teacher.
         
        2009 - 2013
      </div>
      <ul
        class="c2"
      >
        <li
          class="c3"
        >
          Taught 1st and 2nd-year Computer Engineering classes in Java and OOP.
        </li>
      </ul>
    </div>
    <div>
      <div
        class="c0 c1"
      >
        Tutor.
         
        2004 - 2016
      </div>
      <ul
        class="c2"
      >
        <li
          class="c3"
        >
          Private tutor for school and high school students in mathematics, physics, and chemistry. Strong teaching abilities.
        </li>
      </ul>
    </div>
  </div>
</body>
`;
