// Jest Snapshot v1, https://goo.gl/fbAQLP

exports[`Header should render successfully 1`] = `
.c7 {
  font-family: 'Roboto mono',monospace;
  font-weight: 400;
  color: #FBFBFB;
  font-size: 0.9rem;
  line-height: normal;
  white-space: pre-line;
}

.c7 ul,
.c7 ol {
  margin-left: 40px;
  margin-bottom: 10px;
}

.c7 ul {
  list-style: outside disc;
}

.c7 ol {
  list-style: decimal;
}

.c7 li {
  padding-left: 10px;
}

.c0 {
  background-color: #FBFBFB;
  color: #000000;
  height: 130px;
  max-width: 1440px;
  width: 100%;
  padding: 0 30px;
  margin: 0 auto;
  display: flex;
  justify-items: center;
  align-items: end;
}

.c5 {
  display: flex;
}

.c5:hover,
.c5:focus {
  text-decoration: none;
}

.c3 {
  display: flex;
  align-items: end;
  flex-grow: 1;
  justify-content: space-around;
  height: 100%;
}

.c4 {
  width: 59px;
  display: flex;
  justify-content: center;
  height: 100%;
  padding-bottom: 25px;
}

.c4 .c6 {
  font-family: 'Roboto mono',monospace;
  font-weight: 500;
  color: #FBFBFB;
  font-size: 0.55rem;
  line-height: normal;
  color: #000000;
  writing-mode: tb-rl;
  transform: rotate(-180deg);
}

.c4:hover {
  background-color: #000000;
  cursor: pointer;
}

.c4:hover .c6 {
  color: #FBFBFB;
}

.c8 {
  width: 59px;
  display: flex;
  justify-content: center;
  height: 100%;
  padding-bottom: 25px;
}

.c8 .c6 {
  font-family: 'Roboto mono',monospace;
  font-weight: 500;
  color: #FBFBFB;
  font-size: 0.55rem;
  line-height: normal;
  color: #000000;
  writing-mode: tb-rl;
  transform: rotate(-180deg);
}

.c8:hover {
  background-color: #000000;
  cursor: pointer;
}

.c8:hover .c6 {
  color: #FBFBFB;
}

.c15 {
  margin-left: 8px;
  position: relative;
}

.c15:hover,
.c15:focus {
  text-decoration: none;
}

.c15::after {
  content: '';
  position: absolute;
  width: 100%;
  transform: scaleX(0);
  height: 2px;
  bottom: 0;
  left: 0;
  background-color: #FBFBFB;
  transform-origin: bottom right;
  transition: transform 0.5s ease-out;
}

.c9 {
  outline: none;
  cursor: pointer;
  display: flex;
  align-items: center;
  max-height: 42px;
}

.c9:hover,
.c9:focus {
  text-decoration: none;
}

.c9:hover circle.loading {
  stroke: white;
  stroke-width: 6px;
  stroke-dasharray: 110;
  stroke-dashoffset: 82;
  animation: clock-loading 0.5s steps(4, jump-none) forwards;
  transform: rotate(-90deg);
  transform-origin: center;
}

.c9:hover .c14::after {
  transform: scaleX(1);
  transform-origin: bottom left;
}

.c11 {
  position: relative;
  width: 42px;
  height: 42px;
}

.c12 {
  position: absolute;
  transform: translate(-50%, -50%);
  top: 50%;
  left: 50%;
}

.c13 {
  position: absolute;
  transform: translate(-50%, -50%);
  top: 50%;
  left: 50%;
  display: flex;
}

.c1 {
  display: flex;
}

.c2 {
  color: #000000;
  margin-bottom: 25px;
}

.c10 {
  display: none;
}

@media (min-width: 768px) {
  .c0 {
    align-items: center;
    background-color: transparent;
    color: #FBFBFB;
    height: 115px;
  }
}

@media (min-width: 1440px) {
  .c0 {
    padding: 0;
  }
}

@media (min-width: 768px) {
  .c5 {
    display: flex;
    position: relative;
  }

  .c5::after {
    content: '';
    position: absolute;
    width: 100%;
    transform: scaleX(0);
    height: 2px;
    bottom: 0;
    left: 0;
    background-color: #FBFBFB;
    transform-origin: bottom right;
    transition: transform 0.25s ease-out;
  }

  .c5:hover::after {
    transform: scaleX(1);
    transform-origin: bottom left;
  }
}

@media (min-width: 768px) {
  .c3 {
    gap: 30px;
    align-items: center;
    justify-content: center;
    height: unset;
  }
}

@media (min-width: 768px) {
  .c4 {
    width: auto;
    padding-bottom: 0;
  }

  .c4 .c6 {
    font-family: 'Roboto mono',monospace;
    font-weight: 400;
    color: #FBFBFB;
    font-size: 0.9rem;
    line-height: normal;
    color: #FBFBFB;
    writing-mode: unset;
    transform: unset;
  }
}

@media (min-width: 768px) {
  .c8 {
    display: none;
    width: auto;
    padding-bottom: 0;
  }

  .c8 .c6 {
    font-family: 'Roboto mono',monospace;
    font-weight: 400;
    color: #FBFBFB;
    font-size: 0.9rem;
    line-height: normal;
    color: #FBFBFB;
    writing-mode: unset;
    transform: unset;
  }
}

@media (min-width: 768px) {
  .c2 {
    color: #FBFBFB;
    margin-bottom: 0;
  }
}

@media (min-width: 768px) {
  .c10 {
    display: flex;
  }
}

<body>
  <div>
    <nav
      aria-label="Main menu"
      class="c0"
    >
      <a
        aria-label="Header Logo"
        class="c1"
        href="/"
      >
        <svg
          class="c2"
          height="55"
          width="106"
        >
          slLogo.svg
        </svg>
      </a>
      <ul
        class="c3"
      >
        <li
          class="c4"
        >
          <a
            aria-label="Experience"
            class="c5"
            href="/experience"
          >
            <p
              class="c6 c7"
            >
              Experience
            </p>
          </a>
        </li>
        <li
          class="c4"
        >
          <a
            aria-label="Contact"
            class="c5"
            href="/contact"
          >
            <p
              class="c6 c7"
            >
              Contact
            </p>
          </a>
        </li>
        <li
          class="c4"
        >
          <a
            aria-label="CV/Portfolio"
            class="c5"
            href="/portfolio"
          >
            <p
              class="c6 c7"
            >
              CV/Portfolio
            </p>
          </a>
        </li>
        <li
          class="c8"
        >
          <a
            aria-label="Get in touch"
            class="c5"
            href="/portfolio"
          >
            <p
              class="c6 c7"
            >
              Get in touch
            </p>
          </a>
        </li>
      </ul>
      <a
        class="c9 c10"
        href="/portfolio"
      >
        <div
          class="c11"
        >
          <svg
            class="c12"
            height="42"
            width="42"
          >
            circleButton.svg
          </svg>
          <div
            class="c13"
          >
            <svg>
              arrowRight.svg
            </svg>
          </div>
        </div>
        <p
          class="c6 c14 c7 c15"
        >
          Get in touch
        </p>
      </a>
    </nav>
  </div>
</body>
`;
