// Jest Snapshot v1, https://goo.gl/fbAQLP

exports[`Link should render successfully 1`] = `
.c0 {
  position: relative;
  position: relative;
}

.c0::after {
  content: '';
  position: absolute;
  width: 100%;
  height: 2px;
  bottom: 0;
  left: 0;
  background-color: currentColor;
}

.c0::after {
  transform: scaleX(0);
  transform-origin: bottom right;
  transition: transform 0.25s ease-out;
}

.c0:hover::after {
  transform: scaleX(1);
  transform-origin: bottom left;
}

.c0:hover,
.c0:active,
.c0:focus {
  text-decoration: none;
}

.c0:focus-visible {
  outline: #FBFBFB auto 1px;
}

<body>
  <div>
    <a
      class="c0"
      href="/contact"
    />
  </div>
</body>
`;
